App.tsx(15,8): error TS1192: Module '"C:/Users/joao6/Documents/meus  projetos/smartlist-ai---assistente-de-compras/screens/AdminDashboard"' has no default export.
screens/ListDetails.tsx(335,7): error TS1117: An object literal cannot have multiple properties with the same name.
